// Jest Snapshot v1, https://goo.gl/fbAQLP

exports[`Grid Test render grid 1`] = `ShallowWrapper {}`;
